Using pre-set license
Built from '2020.2/staging' branch; Version is '2020.2.7f1 (c53830e277f1) revision 12924976'; Using compiler version '192528614'; Build Type 'Release'
OS: 'Windows 10 Home; OS build 19042.1052; Version 2009; 64bit' Language: 'de' Physical Memory: 8108 MB
BatchMode: 1, IsHumanControllingUs: 0, StartBugReporterOnCrash: 0, Is64bit: 1, IsPro: 0

 COMMAND LINE ARGUMENTS:
F:\Tools\Programming + Development\Unity\2020.2.7f1\Editor\Unity.exe
-adb2
-batchMode
-noUpm
-name
AssetImportWorker1
-projectPath
F:/Projekte/UniversalDialogEditor/Universal Dialog Editor
-logFile
Logs/AssetImportWorker1.log
-srvPort
62209
Successfully changed project path to: F:/Projekte/UniversalDialogEditor/Universal Dialog Editor
F:/Projekte/UniversalDialogEditor/Universal Dialog Editor
Using Asset Import Pipeline V2.
Refreshing native plugins compatible for Editor in 39.73 ms, found 0 plugins.
Preloading 0 native plugins for Editor in 0.00 ms.
Initialize engine version: 2020.2.7f1 (c53830e277f1)
[Subsystems] Discovering subsystems at path F:/Tools/Programming + Development/Unity/2020.2.7f1/Editor/Data/Resources/UnitySubsystems
[Subsystems] Discovering subsystems at path F:/Projekte/UniversalDialogEditor/Universal Dialog Editor/Assets
GfxDevice: creating device client; threaded=0
Direct3D:
    Version:  Direct3D 11.0 [level 11.1]
    Renderer: Intel(R) HD Graphics 620 (ID=0x5916)
    Vendor:   
    VRAM:     4054 MB
    Driver:   26.20.100.7925
Initialize mono
Mono path[0] = 'F:/Tools/Programming + Development/Unity/2020.2.7f1/Editor/Data/Managed'
Mono path[1] = 'F:/Tools/Programming + Development/Unity/2020.2.7f1/Editor/Data/MonoBleedingEdge/lib/mono/unityjit'
Mono config path = 'F:/Tools/Programming + Development/Unity/2020.2.7f1/Editor/Data/MonoBleedingEdge/etc'
Using monoOptions --debugger-agent=transport=dt_socket,embedding=1,server=y,suspend=n,address=127.0.0.1:56328
Begin MonoManager ReloadAssembly
Registering precompiled unity dll's ...
Register platform support module: F:/Tools/Programming + Development/Unity/2020.2.7f1/Editor/Data/PlaybackEngines/WindowsStandaloneSupport/UnityEditor.WindowsStandalone.Extensions.dll
Registered in 0.002315 seconds.
Native extension for WindowsStandalone target not found
Refreshing native plugins compatible for Editor in 41.26 ms, found 0 plugins.
Preloading 0 native plugins for Editor in 0.00 ms.
Invoked RoslynAnalysisRunner static constructor.
RoslynAnalysisRunner will not be running.
RoslynAnalysisRunner has terminated.
Mono: successfully reloaded assembly
- Completed reload, in  4.142 seconds
Platform modules already initialized, skipping
Registering precompiled user dll's ...
Registered in 0.002177 seconds.
Begin MonoManager ReloadAssembly
Native extension for WindowsStandalone target not found
Refreshing native plugins compatible for Editor in 0.27 ms, found 0 plugins.
Preloading 0 native plugins for Editor in 0.00 ms.
Invoked RoslynAnalysisRunner static constructor.
RoslynAnalysisRunner will not be running.
RoslynAnalysisRunner has terminated.
Mono: successfully reloaded assembly
- Completed reload, in  1.772 seconds
Platform modules already initialized, skipping
========================================================================
Worker process is ready to serve import requests
Launched and connected shader compiler UnityShaderCompiler.exe after 0.22 seconds
Refreshing native plugins compatible for Editor in 0.48 ms, found 0 plugins.
Preloading 0 native plugins for Editor in 0.00 ms.
Unloading 1244 Unused Serialized files (Serialized files now loaded: 0)
System memory in use before: 62.6 MB.
System memory in use after: 62.7 MB.

Unloading 14 unused Assets to reduce memory usage. Loaded Objects now: 1693.
Total: 3.388600 ms (FindLiveObjects: 0.331300 ms CreateObjectMapping: 0.117500 ms MarkObjects: 2.838900 ms  DeleteObjects: 0.098600 ms)

========================================================================
Received Import Request.
  path: Assets/DialogManager.cs
  artifactKey: Guid(b92fa6f312d13a4459ef15640e7d9a6a) Importer(815301076,1909f56bfc062723c751e8b465ee728b)
Start importing Assets/DialogManager.cs using Guid(b92fa6f312d13a4459ef15640e7d9a6a) Importer(815301076,1909f56bfc062723c751e8b465ee728b)  -> (artifact id: '79187cfb98b06ecaf32fd132099fdeab') in 0.172666 seconds
  Import took 0.177126 seconds .

========================================================================
Received Import Request.
  Time since last request: 261.007563 seconds.
  path: Assets/DialogManager.cs
  artifactKey: Guid(b92fa6f312d13a4459ef15640e7d9a6a) Importer(815301076,1909f56bfc062723c751e8b465ee728b)
Start importing Assets/DialogManager.cs using Guid(b92fa6f312d13a4459ef15640e7d9a6a) Importer(815301076,1909f56bfc062723c751e8b465ee728b)  -> (artifact id: 'dd70e06104c70baa36fd4340d9387d86') in 0.085673 seconds
  Import took 0.088864 seconds .

========================================================================
Received Import Request.
  Time since last request: 0.152762 seconds.
  path: Assets/DialogManager.cs
  artifactKey: Guid(b92fa6f312d13a4459ef15640e7d9a6a) Importer(815301076,1909f56bfc062723c751e8b465ee728b)
Start importing Assets/DialogManager.cs using Guid(b92fa6f312d13a4459ef15640e7d9a6a) Importer(815301076,1909f56bfc062723c751e8b465ee728b)  -> (artifact id: 'dd70e06104c70baa36fd4340d9387d86') in 0.028194 seconds
  Import took 0.032337 seconds .

========================================================================
Received Prepare
Registering precompiled user dll's ...
Registered in 0.001838 seconds.
Begin MonoManager ReloadAssembly
Native extension for WindowsStandalone target not found
Refreshing native plugins compatible for Editor in 0.28 ms, found 0 plugins.
Preloading 0 native plugins for Editor in 0.00 ms.
Invoked RoslynAnalysisRunner static constructor.
RoslynAnalysisRunner will not be running.
RoslynAnalysisRunner has terminated.
Mono: successfully reloaded assembly
- Completed reload, in  1.821 seconds
Platform modules already initialized, skipping
Refreshing native plugins compatible for Editor in 0.25 ms, found 0 plugins.
Preloading 0 native plugins for Editor in 0.00 ms.
Unloading 1228 Unused Serialized files (Serialized files now loaded: 0)
System memory in use before: 61.7 MB.
System memory in use after: 61.8 MB.

Unloading 5 unused Assets to reduce memory usage. Loaded Objects now: 1696.
Total: 2.100600 ms (FindLiveObjects: 0.302200 ms CreateObjectMapping: 0.088500 ms MarkObjects: 1.687700 ms  DeleteObjects: 0.020200 ms)

AssetImportWorkerClient::OnTransportError - code=2 error=End of file
